// Jest Snapshot v1, https://goo.gl/fbAQLP

exports[`AppForm should match snapshot 1`] = `[Function]`;
